try beginafter paynow instancewithin paynow trial=============Waiting Response=============={"success":false,"status":"error"}SELECT id,user_name,password FROM users WHERE user_name = '' AND password = '' AND IsActive = 1SELECT id,user_name,password FROM users WHERE user_name = 'leroy' AND password = 'leroy' AND IsActive = 1tipei date babaPROCEDURE church.InsertEventw does not existtipei date babaPROCEDURE church.InsertEventw does not existtipei date babaPROCEDURE church.InsertEventw does not existtipei date babaPROCEDURE church.InsertEventw does not existtipei date babaPROCEDURE church.InsertEventw does not existtipei date baba01/03/2024PROCEDURE church.InsertEventw does not existSELECT id,user_name,password FROM users WHERE user_name = '' AND password = '' AND IsActive = 1SELECT id,user_name,password FROM users WHERE user_name = 'leroy' AND password = 'leroy' AND IsActive = 1tipei date babaPROCEDURE church.InsertEventw does not existtipei date baba02/01/2024PROCEDURE church.InsertEventw does not existtipei date babatipei date baba02/01/2024SELECT id,user_name,password FROM users WHERE user_name = '' AND password = '' AND IsActive = 1SELECT id,user_name,password FROM users WHERE user_name = 'leroy' AND password = 'leroy' AND IsActive = 1SELECT id,user_name,password FROM users WHERE user_name = '' AND password = '' AND IsActive = 1SELECT id,user_name,password FROM users WHERE user_name = 'leroy' AND password = 'leroy' AND IsActive = 1SELECT id,user_name,password FROM users WHERE user_name = '' AND password = '' AND IsActive = 1SELECT id,user_name,password FROM users WHERE user_name = 'leroy' AND password = 'leroy' AND IsActive = 1try beginafter paynow instancewithin paynow trial=============Waiting Response=============={"success":false,"status":"error"}try beginafter paynow instancewithin paynow trial=============Waiting Response=============={"success":false,"status":"error"}try beginafter paynow instancewithin paynow trial=============Waiting Response=============={"success":true,"status":"ok"}try beginafter paynow instancewithin paynow trial=============Waiting Response=============={"success":true,"status":"ok"}SELECT id,user_name,password FROM users WHERE user_name = '' AND password = '' AND IsActive = 1SELECT id,user_name,password FROM users WHERE user_name = 'leroy' AND password = 'leroy' AND IsActive = 1SELECT id,user_name,password FROM users WHERE user_name = '' AND password = '' AND IsActive = 1SELECT id,user_name,password FROM users WHERE user_name = 'leroy' AND password = 'leroy' AND IsActive = 1SELECT id,user_name,password FROM users WHERE user_name = '' AND password = '' AND IsActive = 1SELECT id,user_name,password FROM users WHERE user_name = 'leroy' AND password = 'leroy' AND IsActive = 1SELECT id,user_name,password FROM users WHERE user_name = '' AND password = '' AND IsActive = 1SELECT id,user_name,password FROM users WHERE user_name = 'leroy' AND password = 'leroy' AND IsActive = 1SELECT id,user_name,password FROM users WHERE user_name = '' AND password = '' AND IsActive = 1SELECT id,user_name,password FROM users WHERE user_name = 'leroy' AND password = 'leroy' AND IsActive = 1SELECT id,user_name,password FROM users WHERE user_name = '' AND password = '' AND IsActive = 1SELECT id,user_name,password FROM users WHERE user_name = 'leroy' AND password = 'leroy' AND IsActive = 1SELECT id,user_name,password FROM users WHERE user_name = '' AND password = '' AND IsActive = 1SELECT id,user_name,password FROM users WHERE user_name = 'leroy' AND password = 'leroy' AND IsActive = 1SELECT id,user_name,password FROM users WHERE user_name = '' AND password = '' AND IsActive = 1SELECT id,user_name,password FROM users WHERE user_name = 'leroy' AND password = 'leroy' AND IsActive = 1SELECT id,user_name,password FROM users WHERE user_name = '' AND password = '' AND IsActive = 1SELECT id,user_name,password FROM users WHERE user_name = 'leroy' AND password = 'leroy' AND IsActive = 1SELECT id,user_name,password FROM users WHERE user_name = '' AND password = '' AND IsActive = 1SELECT id,user_name,password FROM users WHERE user_name = 'leroy' AND password = 'leroy' AND IsActive = 1SELECT id,user_name,password FROM users WHERE user_name = '' AND password = '' AND IsActive = 1SELECT id,user_name,password FROM users WHERE user_name = 'leroy' AND password = 'leroy' AND IsActive = 1SELECT id,user_name,password FROM users WHERE user_name = '' AND password = '' AND IsActive = 1SELECT id,user_name,password FROM users WHERE user_name = 'leroy' AND password = 'leroy' AND IsActive = 1SELECT id,user_name,password FROM users WHERE user_name = '' AND password = '' AND IsActive = 1SELECT id,user_name,password FROM users WHERE user_name = 'leroy' AND password = 'leroy' AND IsActive = 1SELECT id,user_name,password FROM users WHERE user_name = '' AND password = '' AND IsActive = 1SELECT id,user_name,password FROM users WHERE user_name = 'leroy' AND password = 'leroy' AND IsActive = 1SELECT id,user_name,password FROM users WHERE user_name = '' AND password = '' AND IsActive = 1SELECT id,user_name,password FROM users WHERE user_name = 'leroy' AND password = 'leroy' AND IsActive = 1SELECT id,user_name,password FROM users WHERE user_name = '' AND password = '' AND IsActive = 1SELECT id,user_name,password FROM users WHERE user_name = 'leroy' AND password = 'leroy' AND IsActive = 1SELECT id,user_name,password FROM users WHERE user_name = '' AND password = '' AND IsActive = 1SELECT id,user_name,password FROM users WHERE user_name = 'leroy' AND password = 'leroy' AND IsActive = 1SELECT id,user_name,password FROM users WHERE user_name = '' AND password = '' AND IsActive = 1SELECT id,user_name,password FROM users WHERE user_name = 'leroy' AND password = 'leroy' AND IsActive = 1SELECT id,user_name,password FROM users WHERE user_name = '' AND password = '' AND IsActive = 1SELECT id,user_name,password FROM users WHERE user_name = 'leroy' AND password = 'leroy' AND IsActive = 1SELECT id,user_name,password FROM users WHERE user_name = '' AND password = '' AND IsActive = 1SELECT id,user_name,password FROM users WHERE user_name = 'leroy' AND password = 'leroy' AND IsActive = 1SELECT id,user_name,password FROM users WHERE user_name = '' AND password = '' AND IsActive = 1SELECT id,user_name,password FROM users WHERE user_name = 'leroy' AND password = 'leroy' AND IsActive = 1SELECT id,user_name,password FROM users WHERE user_name = '' AND password = '' AND IsActive = 1SELECT id,user_name,password FROM users WHERE user_name = 'leroy' AND password = 'leroy' AND IsActive = 1SELECT id,user_name,password FROM users WHERE user_name = '' AND password = '' AND IsActive = 1SELECT id,user_name,password FROM users WHERE user_name = 'leroy' AND password = 'leroy' AND IsActive = 1SELECT id,user_name,password FROM users WHERE user_name = '' AND password = '' AND IsActive = 1SELECT id,user_name,password FROM users WHERE user_name = 'leroy' AND password = 'leroy' AND IsActive = 1SELECT id,user_name,password FROM users WHERE user_name = '' AND password = '' AND IsActive = 1SELECT id,user_name,password FROM users WHERE user_name = 'leroy' AND password = 'leroy' AND IsActive = 1SELECT id,user_name,password FROM users WHERE user_name = '' AND password = '' AND IsActive = 1SELECT id,user_name,password FROM users WHERE user_name = 'leroy' AND password = 'leroy' AND IsActive = 1SELECT id,user_name,password FROM users WHERE user_name = '' AND password = '' AND IsActive = 1SELECT id,user_name,password FROM users WHERE user_name = 'leroy' AND password = 'leroy' AND IsActive = 1SELECT id,user_name,password FROM users WHERE user_name = '' AND password = '' AND IsActive = 1SELECT id,user_name,password FROM users WHERE user_name = 'leroy' AND password = 'leroy' AND IsActive = 1SELECT id,user_name,password FROM users WHERE user_name = '' AND password = '' AND IsActive = 1SELECT id,user_name,password FROM users WHERE user_name = 'leroy' AND password = 'leroy' AND IsActive = 1SELECT id,user_name,password FROM users WHERE user_name = '' AND password = '' AND IsActive = 1SELECT id,user_name,password FROM users WHERE user_name = 'leroy' AND password = 'leroy' AND IsActive = 1SELECT id,user_name,password FROM users WHERE user_name = '' AND password = '' AND IsActive = 1SELECT id,user_name,password FROM users WHERE user_name = 'leroy' AND password = 'leroy' AND IsActive = 1SELECT id,user_name,password FROM users WHERE user_name = '' AND password = '' AND IsActive = 1SELECT id,user_name,password FROM users WHERE user_name = 'leroy' AND password = 'leroy' AND IsActive = 1SELECT id,user_name,password FROM users WHERE user_name = '' AND password = '' AND IsActive = 1SELECT id,user_name,password FROM users WHERE user_name = 'leroy' AND password = 'leroy' AND IsActive = 1SELECT id,user_name,password FROM users WHERE user_name = '' AND password = '' AND IsActive = 1SELECT id,user_name,password FROM users WHERE user_name = 'leroy' AND password = 'leroy' AND IsActive = 1SELECT id,user_name,password FROM users WHERE user_name = '' AND password = '' AND IsActive = 1SELECT id,user_name,password FROM users WHERE user_name = 'leroy' AND password = 'leroy' AND IsActive = 1SELECT id,user_name,password FROM users WHERE user_name = '' AND password = '' AND IsActive = 1SELECT id,user_name,password FROM users WHERE user_name = 'leroy' AND password = 'leroy' AND IsActive = 1SELECT id,user_name,password FROM users WHERE user_name = '' AND password = '' AND IsActive = 1SELECT id,user_name,password FROM users WHERE user_name = 'leroy' AND password = 'leroy' AND IsActive = 1SELECT id,user_name,password FROM users WHERE user_name = '' AND password = '' AND IsActive = 1SELECT id,user_name,password FROM users WHERE user_name = 'leroy' AND password = 'leroy' AND IsActive = 1SELECT id,user_name,password FROM users WHERE user_name = '' AND password = '' AND IsActive = 1SELECT id,user_name,password FROM users WHERE user_name = 'leroy' AND password = 'leroy' AND IsActive = 1SELECT id,user_name,password FROM users WHERE user_name = '' AND password = '' AND IsActive = 1SELECT id,user_name,password FROM users WHERE user_name = 'leroy' AND password = 'leroy' AND IsActive = 1SELECT id,user_name,password FROM users WHERE user_name = '' AND password = '' AND IsActive = 1SELECT id,user_name,password FROM users WHERE user_name = 'leroy' AND password = 'leroy' AND IsActive = 1SELECT id,user_name,password FROM users WHERE user_name = '' AND password = '' AND IsActive = 1SELECT id,user_name,password FROM users WHERE user_name = 'leroy' AND password = 'leroy' AND IsActive = 1SELECT id,user_name,password FROM users WHERE user_name = '' AND password = '' AND IsActive = 1SELECT id,user_name,password FROM users WHERE user_name = 'leroy' AND password = 'leroy' AND IsActive = 1SELECT id,user_name,password FROM users WHERE user_name = '' AND password = '' AND IsActive = 1SELECT id,user_name,password FROM users WHERE user_name = 'leroy' AND password = 'leroy' AND IsActive = 1SELECT id,user_name,password FROM users WHERE user_name = '' AND password = '' AND IsActive = 1SELECT id,user_name,password FROM users WHERE user_name = 'leroy' AND password = 'leroy' AND IsActive = 1SELECT id,user_name,password FROM users WHERE user_name = '' AND password = '' AND IsActive = 1SELECT id,user_name,password FROM users WHERE user_name = 'leroy' AND password = 'leroy' AND IsActive = 1SELECT id,user_name,password FROM users WHERE user_name = '' AND password = '' AND IsActive = 1SELECT id,user_name,password FROM users WHERE user_name = 'leroy' AND password = 'leroy' AND IsActive = 1SELECT id,user_name,password FROM users WHERE user_name = '' AND password = '' AND IsActive = 1SELECT id,user_name,password FROM users WHERE user_name = 'leroy' AND password = 'leroy' AND IsActive = 1SELECT id,user_name,password FROM users WHERE user_name = '' AND password = '' AND IsActive = 1SELECT id,user_name,password FROM users WHERE user_name = 'leroy' AND password = 'leroy' AND IsActive = 1SELECT id,user_name,password FROM users WHERE user_name = 'leroy' AND password = 'leroy' AND IsActive = 1SELECT id,user_name,password FROM users WHERE user_name = 'leroy' AND password = 'leroy' AND IsActive = 1SELECT id,user_name,password FROM users WHERE user_name = 'leroy' AND password = 'leroy' AND IsActive = 1SELECT id,user_name,password FROM users WHERE user_name = 'leroy' AND password = 'leroy' AND IsActive = 1SELECT id,user_name,password FROM users WHERE user_name = '' AND password = '' AND IsActive = 1SELECT id,user_name,password FROM users WHERE user_name = 'leroy' AND password = 'leroy' AND IsActive = 1SELECT id,user_name,password FROM users WHERE user_name = 'leroy' AND password = 'leroy' AND IsActive = 1SELECT id,user_name,password FROM users WHERE user_name = '' AND password = '' AND IsActive = 1SELECT id,user_name,password FROM users WHERE user_name = 'leroy' AND password = 'leroy' AND IsActive = 1post sermonspost sermonstipei date baba1/10/2024tipei date baba1/10/2024tipei date baba1/10/2024tipei date baba1/10/2024SELECT id,user_name,password FROM users WHERE user_name = 'leroy' AND password = 'leroy' AND IsActive = 1